<html>
<body>
<pre>
<h1>µVision Build Log</h1>
<h2>Project:</h2>
C:\Users\Administrator\Desktop\ÒÔÌ«ÍøENC28J60-STM32F10XRCT6\Project\ENC28J60_WEB_Server.uvproj
Project File Date:  04/15/2017

<h2>Output:</h2>
Build target 'Target 1'
compiling main.c...
compiling web_server.c...
..\USER\web_server.c(47): warning:  #68-D: integer conversion resulted in a change of sign
          return(-1);
..\USER\web_server.c(66): warning:  #68-D: integer conversion resulted in a change of sign
      return(-2);
..\USER\web_server.c(215): warning:  #514-D: pointless comparison of unsigned integer with a negative constant
                if (cmd==-1)
..\USER\web_server.c(255): warning:  #167-D: argument of type "unsigned char *" is incompatible with parameter of type "char *"
            make_udp_reply_from_request(buf,buf1,payloadlen,myudpport);          
..\USER\web_server.c(258): warning:  #111-D: statement is unreachable
            return (0);
..\USER\web_server.c(250): warning:  #177-D: label "ANSWER" was declared but never referenced
            ANSWER:
..\USER\web_server.c: 6 warnings, 0 errors
linking...
Program Size: Code=7096 RO-data=604 RW-data=100 ZI-data=2116  
FromELF: creating hex file...
"..\Output\ENC28J60_WEB_Server.axf" - 0 Error(s), 6 Warning(s).
</pre>
</body>
</html>
t JLink Project File to "C:\Users\Administrator\Desktop\ÒÔÌ«ÍøENC28J60-STM32F10XRCT6\Project\JLinkSettings.ini"
* JLink Info: Device "STM32F103RC" selected (256 KB flash, 48 KB RAM).
 
JLink info:
------------
DLL: V4.80g, compiled Feb 13 2014 20:50:02
Firmware: J-Link ARM V8 compiled Nov 25 2013 19:20:08
Hardware: V8.00
Feature(s) : RDI,FlashDL,FlashBP,JFlash,GDBFULL 
 
* JLink Info: Found SWD-DP with ID 0x1BA01477
* JLink Info: Found SWD-DP with ID 0x1BA01477
* JLink Info: Found Cortex-M3 r1p1, Little endian.
* JLink Info: FPUnit: 6 code (BP) slots and 2 literal slots
* JLink Info: TPIU fitted.
* JLink Info: ETM fitted.
ROMTableAddr = 0xE00FF003
 
Target info:
------------
Device: STM32F103RC
VTarget = 3.280V
State of Pins: 
TCK: 0, TDI: 1, TDO: 1, TMS: 1, TRES: 1, TRST: 1
Hardware-Breakpoints: 6
Software-Breakpoints: 8192
Watchpoints:          4
JTAG speed: 4000 kHz
 
Erase Done.
Programming Done.
Verify OK.
Application running ...
Load "..\\Output\\ENC28J60_WEB_Server.axf" 
Set JLink Project File to "C:\Users\Administrator\Desktop\ÒÔÌ«ÍøENC28J60-STM32F10XRCT6\Project\JLinkSettings.ini"
* JLink Info: Device "STM32F103RC" selected (256 KB flash, 48 KB RAM).
 
JLink info:
------------
DLL: V4.80g, compiled Feb 13 2014 20:50:02
Firmware: J-Link ARM V8 compiled Nov 25 2013 19:20:08
Hardware: V8.00
Feature(s) : RDI,FlashDL,FlashBP,JFlash,GDBFULL 
 
* JLink Info: Found SWD-DP with ID 0x1BA01477
* JLink Info: Found SWD-DP with ID 0x1BA01477
* JLink Info: Found Cortex-M3 r1p1, Little endian.
* JLink Info: FPUnit: 6 code (BP) slots and 2 literal slots
* JLink Info: TPIU fitted.
* JLink Info: ETM fitted.
ROMTableAddr = 0xE00FF003
 
Target info:
------------
Device: STM32F103RC
VTarget = 3.280V
State of Pins: 
TCK: 0, TDI: 1, TDO: 1, TMS: 1, TRES: 1, TRST: 1
Hardware-Breakpoints: 6
Software-Breakpoints: 8192
Watchpoints:          4
JTAG speed: 4000 kHz
 
Erase Done.
Programming Done.
Verify OK.
Application running ...
